--- autogen-subclasses ---
Opus::Mixin
 Opus::Mixed,class
 Opus::MixedModule,module
Opus::Parent
 Opus::Child,class
 Opus::DupChild,class
